DEBUG 2026-06-15 20:28:23,022 utils 25240 35020 (0.000) 
            SELECT name, type FROM sqlite_master
            WHERE type in ('table', 'view') AND NOT name='sqlite_sequence'
            ORDER BY name; args=None; alias=default
DEBUG 2026-06-15 20:28:23,025 utils 25240 35020 (0.000) SELECT "django_migrations"."id", "django_migrations"."app", "django_migrations"."name", "django_migrations"."applied" FROM "django_migrations"; args=(); alias=default
DEBUG 2026-06-15 20:29:46,829 utils 25240 25652 (0.000) SELECT "django_session"."session_key", "django_session"."session_data", "django_session"."expire_date" FROM "django_session" WHERE ("django_session"."expire_date" > '2026-06-15 18:29:46.826781' AND "django_session"."session_key" = 'iiwy0q41k530psue64wa2l0mmuc0wvf8') LIMIT 21; args=('2026-06-15 18:29:46.826781', 'iiwy0q41k530psue64wa2l0mmuc0wvf8'); alias=default
DEBUG 2026-06-15 20:29:46,831 utils 25240 25652 (0.000) SELECT "auth_user"."id", "auth_user"."password", "auth_user"."last_login", "auth_user"."is_superuser", "auth_user"."username", "auth_user"."first_name", "auth_user"."last_name", "auth_user"."email", "auth_user"."is_staff", "auth_user"."is_active", "auth_user"."date_joined" FROM "auth_user" WHERE "auth_user"."id" = 1 LIMIT 21; args=(1,); alias=default
DEBUG 2026-06-15 20:29:46,835 utils 25240 25652 (0.000) SELECT "task_manager_task"."id", "task_manager_task"."title", "task_manager_task"."description", "task_manager_task"."status", "task_manager_task"."deadline", "task_manager_task"."created_at" FROM "task_manager_task" ORDER BY "task_manager_task"."created_at" DESC LIMIT 7; args=(); alias=default
DEBUG 2026-06-15 20:29:46,853 utils 25240 25652 (0.000) SELECT "task_manager_category"."id", "task_manager_category"."is_deleted", "task_manager_category"."deleted_at", "task_manager_category"."name" FROM "task_manager_category" INNER JOIN "task_manager_task_categories" ON ("task_manager_category"."id" = "task_manager_task_categories"."category_id") WHERE (NOT "task_manager_category"."is_deleted" AND "task_manager_task_categories"."task_id" = 2); args=(2,); alias=default
DEBUG 2026-06-15 20:29:46,869 utils 25240 25652 (0.000) SELECT "task_manager_category"."id", "task_manager_category"."is_deleted", "task_manager_category"."deleted_at", "task_manager_category"."name" FROM "task_manager_category" WHERE NOT "task_manager_category"."is_deleted" LIMIT 1000; args=(); alias=default
DEBUG 2026-06-15 20:30:15,926 utils 25240 28428 (0.000) SELECT "django_session"."session_key", "django_session"."session_data", "django_session"."expire_date" FROM "django_session" WHERE ("django_session"."expire_date" > '2026-06-15 18:30:15.924253' AND "django_session"."session_key" = 'iiwy0q41k530psue64wa2l0mmuc0wvf8') LIMIT 21; args=('2026-06-15 18:30:15.924253', 'iiwy0q41k530psue64wa2l0mmuc0wvf8'); alias=default
DEBUG 2026-06-15 20:30:15,927 utils 25240 28428 (0.000) SELECT "auth_user"."id", "auth_user"."password", "auth_user"."last_login", "auth_user"."is_superuser", "auth_user"."username", "auth_user"."first_name", "auth_user"."last_name", "auth_user"."email", "auth_user"."is_staff", "auth_user"."is_active", "auth_user"."date_joined" FROM "auth_user" WHERE "auth_user"."id" = 1 LIMIT 21; args=(1,); alias=default
DEBUG 2026-06-15 20:30:15,929 utils 25240 28428 (0.000) SELECT "task_manager_task"."id", "task_manager_task"."title", "task_manager_task"."description", "task_manager_task"."status", "task_manager_task"."deadline", "task_manager_task"."created_at" FROM "task_manager_task" ORDER BY "task_manager_task"."created_at" DESC LIMIT 7; args=(); alias=default
DEBUG 2026-06-15 20:30:15,931 utils 25240 28428 (0.000) SELECT "task_manager_category"."id", "task_manager_category"."is_deleted", "task_manager_category"."deleted_at", "task_manager_category"."name" FROM "task_manager_category" INNER JOIN "task_manager_task_categories" ON ("task_manager_category"."id" = "task_manager_task_categories"."category_id") WHERE (NOT "task_manager_category"."is_deleted" AND "task_manager_task_categories"."task_id" = 2); args=(2,); alias=default
DEBUG 2026-06-15 20:30:15,936 utils 25240 28428 (0.000) SELECT "task_manager_category"."id", "task_manager_category"."is_deleted", "task_manager_category"."deleted_at", "task_manager_category"."name" FROM "task_manager_category" WHERE NOT "task_manager_category"."is_deleted" LIMIT 1000; args=(); alias=default
DEBUG 2026-06-15 20:30:16,788 utils 25240 28428 (0.000) SELECT "django_session"."session_key", "django_session"."session_data", "django_session"."expire_date" FROM "django_session" WHERE ("django_session"."expire_date" > '2026-06-15 18:30:16.785939' AND "django_session"."session_key" = 'iiwy0q41k530psue64wa2l0mmuc0wvf8') LIMIT 21; args=('2026-06-15 18:30:16.785939', 'iiwy0q41k530psue64wa2l0mmuc0wvf8'); alias=default
DEBUG 2026-06-15 20:30:16,789 utils 25240 28428 (0.000) SELECT "auth_user"."id", "auth_user"."password", "auth_user"."last_login", "auth_user"."is_superuser", "auth_user"."username", "auth_user"."first_name", "auth_user"."last_name", "auth_user"."email", "auth_user"."is_staff", "auth_user"."is_active", "auth_user"."date_joined" FROM "auth_user" WHERE "auth_user"."id" = 1 LIMIT 21; args=(1,); alias=default
DEBUG 2026-06-15 20:30:16,791 utils 25240 28428 (0.000) SELECT "task_manager_task"."id", "task_manager_task"."title", "task_manager_task"."description", "task_manager_task"."status", "task_manager_task"."deadline", "task_manager_task"."created_at" FROM "task_manager_task" ORDER BY "task_manager_task"."created_at" DESC LIMIT 7; args=(); alias=default
DEBUG 2026-06-15 20:30:16,793 utils 25240 28428 (0.000) SELECT "task_manager_category"."id", "task_manager_category"."is_deleted", "task_manager_category"."deleted_at", "task_manager_category"."name" FROM "task_manager_category" INNER JOIN "task_manager_task_categories" ON ("task_manager_category"."id" = "task_manager_task_categories"."category_id") WHERE (NOT "task_manager_category"."is_deleted" AND "task_manager_task_categories"."task_id" = 2); args=(2,); alias=default
DEBUG 2026-06-15 20:30:16,797 utils 25240 28428 (0.000) SELECT "task_manager_category"."id", "task_manager_category"."is_deleted", "task_manager_category"."deleted_at", "task_manager_category"."name" FROM "task_manager_category" WHERE NOT "task_manager_category"."is_deleted" LIMIT 1000; args=(); alias=default
DEBUG 2026-06-15 20:30:17,747 utils 25240 28428 (0.000) SELECT "django_session"."session_key", "django_session"."session_data", "django_session"."expire_date" FROM "django_session" WHERE ("django_session"."expire_date" > '2026-06-15 18:30:17.745685' AND "django_session"."session_key" = 'iiwy0q41k530psue64wa2l0mmuc0wvf8') LIMIT 21; args=('2026-06-15 18:30:17.745685', 'iiwy0q41k530psue64wa2l0mmuc0wvf8'); alias=default
DEBUG 2026-06-15 20:30:17,749 utils 25240 28428 (0.000) SELECT "auth_user"."id", "auth_user"."password", "auth_user"."last_login", "auth_user"."is_superuser", "auth_user"."username", "auth_user"."first_name", "auth_user"."last_name", "auth_user"."email", "auth_user"."is_staff", "auth_user"."is_active", "auth_user"."date_joined" FROM "auth_user" WHERE "auth_user"."id" = 1 LIMIT 21; args=(1,); alias=default
DEBUG 2026-06-15 20:30:17,752 utils 25240 28428 (0.000) SELECT "task_manager_task"."id", "task_manager_task"."title", "task_manager_task"."description", "task_manager_task"."status", "task_manager_task"."deadline", "task_manager_task"."created_at" FROM "task_manager_task" ORDER BY "task_manager_task"."created_at" DESC LIMIT 7; args=(); alias=default
DEBUG 2026-06-15 20:30:17,754 utils 25240 28428 (0.000) SELECT "task_manager_category"."id", "task_manager_category"."is_deleted", "task_manager_category"."deleted_at", "task_manager_category"."name" FROM "task_manager_category" INNER JOIN "task_manager_task_categories" ON ("task_manager_category"."id" = "task_manager_task_categories"."category_id") WHERE (NOT "task_manager_category"."is_deleted" AND "task_manager_task_categories"."task_id" = 2); args=(2,); alias=default
DEBUG 2026-06-15 20:30:17,759 utils 25240 28428 (0.000) SELECT "task_manager_category"."id", "task_manager_category"."is_deleted", "task_manager_category"."deleted_at", "task_manager_category"."name" FROM "task_manager_category" WHERE NOT "task_manager_category"."is_deleted" LIMIT 1000; args=(); alias=default
DEBUG 2026-06-15 20:30:18,426 utils 25240 28428 (0.000) SELECT "django_session"."session_key", "django_session"."session_data", "django_session"."expire_date" FROM "django_session" WHERE ("django_session"."expire_date" > '2026-06-15 18:30:18.424875' AND "django_session"."session_key" = 'iiwy0q41k530psue64wa2l0mmuc0wvf8') LIMIT 21; args=('2026-06-15 18:30:18.424875', 'iiwy0q41k530psue64wa2l0mmuc0wvf8'); alias=default
DEBUG 2026-06-15 20:30:18,428 utils 25240 28428 (0.000) SELECT "auth_user"."id", "auth_user"."password", "auth_user"."last_login", "auth_user"."is_superuser", "auth_user"."username", "auth_user"."first_name", "auth_user"."last_name", "auth_user"."email", "auth_user"."is_staff", "auth_user"."is_active", "auth_user"."date_joined" FROM "auth_user" WHERE "auth_user"."id" = 1 LIMIT 21; args=(1,); alias=default
DEBUG 2026-06-15 20:30:18,430 utils 25240 28428 (0.000) SELECT "task_manager_task"."id", "task_manager_task"."title", "task_manager_task"."description", "task_manager_task"."status", "task_manager_task"."deadline", "task_manager_task"."created_at" FROM "task_manager_task" ORDER BY "task_manager_task"."created_at" DESC LIMIT 7; args=(); alias=default
DEBUG 2026-06-15 20:30:18,432 utils 25240 28428 (0.000) SELECT "task_manager_category"."id", "task_manager_category"."is_deleted", "task_manager_category"."deleted_at", "task_manager_category"."name" FROM "task_manager_category" INNER JOIN "task_manager_task_categories" ON ("task_manager_category"."id" = "task_manager_task_categories"."category_id") WHERE (NOT "task_manager_category"."is_deleted" AND "task_manager_task_categories"."task_id" = 2); args=(2,); alias=default
DEBUG 2026-06-15 20:30:18,435 utils 25240 28428 (0.000) SELECT "task_manager_category"."id", "task_manager_category"."is_deleted", "task_manager_category"."deleted_at", "task_manager_category"."name" FROM "task_manager_category" WHERE NOT "task_manager_category"."is_deleted" LIMIT 1000; args=(); alias=default
DEBUG 2026-06-15 20:30:19,035 utils 25240 28428 (0.000) SELECT "django_session"."session_key", "django_session"."session_data", "django_session"."expire_date" FROM "django_session" WHERE ("django_session"."expire_date" > '2026-06-15 18:30:19.033166' AND "django_session"."session_key" = 'iiwy0q41k530psue64wa2l0mmuc0wvf8') LIMIT 21; args=('2026-06-15 18:30:19.033166', 'iiwy0q41k530psue64wa2l0mmuc0wvf8'); alias=default
DEBUG 2026-06-15 20:30:19,036 utils 25240 28428 (0.000) SELECT "auth_user"."id", "auth_user"."password", "auth_user"."last_login", "auth_user"."is_superuser", "auth_user"."username", "auth_user"."first_name", "auth_user"."last_name", "auth_user"."email", "auth_user"."is_staff", "auth_user"."is_active", "auth_user"."date_joined" FROM "auth_user" WHERE "auth_user"."id" = 1 LIMIT 21; args=(1,); alias=default
DEBUG 2026-06-15 20:30:19,038 utils 25240 28428 (0.000) SELECT "task_manager_task"."id", "task_manager_task"."title", "task_manager_task"."description", "task_manager_task"."status", "task_manager_task"."deadline", "task_manager_task"."created_at" FROM "task_manager_task" ORDER BY "task_manager_task"."created_at" DESC LIMIT 7; args=(); alias=default
DEBUG 2026-06-15 20:30:19,040 utils 25240 28428 (0.000) SELECT "task_manager_category"."id", "task_manager_category"."is_deleted", "task_manager_category"."deleted_at", "task_manager_category"."name" FROM "task_manager_category" INNER JOIN "task_manager_task_categories" ON ("task_manager_category"."id" = "task_manager_task_categories"."category_id") WHERE (NOT "task_manager_category"."is_deleted" AND "task_manager_task_categories"."task_id" = 2); args=(2,); alias=default
DEBUG 2026-06-15 20:30:19,045 utils 25240 28428 (0.000) SELECT "task_manager_category"."id", "task_manager_category"."is_deleted", "task_manager_category"."deleted_at", "task_manager_category"."name" FROM "task_manager_category" WHERE NOT "task_manager_category"."is_deleted" LIMIT 1000; args=(); alias=default
DEBUG 2026-06-15 20:30:19,706 utils 25240 28428 (0.000) SELECT "django_session"."session_key", "django_session"."session_data", "django_session"."expire_date" FROM "django_session" WHERE ("django_session"."expire_date" > '2026-06-15 18:30:19.704736' AND "django_session"."session_key" = 'iiwy0q41k530psue64wa2l0mmuc0wvf8') LIMIT 21; args=('2026-06-15 18:30:19.704736', 'iiwy0q41k530psue64wa2l0mmuc0wvf8'); alias=default
DEBUG 2026-06-15 20:30:19,708 utils 25240 28428 (0.001) SELECT "auth_user"."id", "auth_user"."password", "auth_user"."last_login", "auth_user"."is_superuser", "auth_user"."username", "auth_user"."first_name", "auth_user"."last_name", "auth_user"."email", "auth_user"."is_staff", "auth_user"."is_active", "auth_user"."date_joined" FROM "auth_user" WHERE "auth_user"."id" = 1 LIMIT 21; args=(1,); alias=default
DEBUG 2026-06-15 20:30:19,711 utils 25240 28428 (0.000) SELECT "task_manager_task"."id", "task_manager_task"."title", "task_manager_task"."description", "task_manager_task"."status", "task_manager_task"."deadline", "task_manager_task"."created_at" FROM "task_manager_task" ORDER BY "task_manager_task"."created_at" DESC LIMIT 7; args=(); alias=default
DEBUG 2026-06-15 20:30:19,714 utils 25240 28428 (0.000) SELECT "task_manager_category"."id", "task_manager_category"."is_deleted", "task_manager_category"."deleted_at", "task_manager_category"."name" FROM "task_manager_category" INNER JOIN "task_manager_task_categories" ON ("task_manager_category"."id" = "task_manager_task_categories"."category_id") WHERE (NOT "task_manager_category"."is_deleted" AND "task_manager_task_categories"."task_id" = 2); args=(2,); alias=default
DEBUG 2026-06-15 20:30:19,718 utils 25240 28428 (0.000) SELECT "task_manager_category"."id", "task_manager_category"."is_deleted", "task_manager_category"."deleted_at", "task_manager_category"."name" FROM "task_manager_category" WHERE NOT "task_manager_category"."is_deleted" LIMIT 1000; args=(); alias=default
DEBUG 2026-06-15 20:34:14,383 utils 33360 24832 (0.000) 
            SELECT name, type FROM sqlite_master
            WHERE type in ('table', 'view') AND NOT name='sqlite_sequence'
            ORDER BY name; args=None; alias=default
DEBUG 2026-06-15 20:34:14,385 utils 33360 24832 (0.000) SELECT "django_migrations"."id", "django_migrations"."app", "django_migrations"."name", "django_migrations"."applied" FROM "django_migrations"; args=(); alias=default
DEBUG 2026-06-15 20:34:14,433 utils 9944 13712 (0.000) 
            SELECT name, type FROM sqlite_master
            WHERE type in ('table', 'view') AND NOT name='sqlite_sequence'
            ORDER BY name; args=None; alias=default
DEBUG 2026-06-15 20:34:14,436 utils 9944 13712 (0.000) SELECT "django_migrations"."id", "django_migrations"."app", "django_migrations"."name", "django_migrations"."applied" FROM "django_migrations"; args=(); alias=default
DEBUG 2026-06-15 20:34:19,341 utils 33360 13968 (0.000) SELECT "django_session"."session_key", "django_session"."session_data", "django_session"."expire_date" FROM "django_session" WHERE ("django_session"."expire_date" > '2026-06-15 18:34:19.338853' AND "django_session"."session_key" = 'iiwy0q41k530psue64wa2l0mmuc0wvf8') LIMIT 21; args=('2026-06-15 18:34:19.338853', 'iiwy0q41k530psue64wa2l0mmuc0wvf8'); alias=default
DEBUG 2026-06-15 20:34:19,343 utils 33360 13968 (0.000) SELECT "auth_user"."id", "auth_user"."password", "auth_user"."last_login", "auth_user"."is_superuser", "auth_user"."username", "auth_user"."first_name", "auth_user"."last_name", "auth_user"."email", "auth_user"."is_staff", "auth_user"."is_active", "auth_user"."date_joined" FROM "auth_user" WHERE "auth_user"."id" = 1 LIMIT 21; args=(1,); alias=default
DEBUG 2026-06-15 20:34:19,347 utils 33360 13968 (0.000) SELECT "task_manager_task"."id", "task_manager_task"."title", "task_manager_task"."description", "task_manager_task"."status", "task_manager_task"."deadline", "task_manager_task"."created_at" FROM "task_manager_task" ORDER BY "task_manager_task"."created_at" DESC LIMIT 7; args=(); alias=default
DEBUG 2026-06-15 20:34:19,367 utils 33360 13968 (0.000) SELECT "task_manager_category"."id", "task_manager_category"."is_deleted", "task_manager_category"."deleted_at", "task_manager_category"."name" FROM "task_manager_category" INNER JOIN "task_manager_task_categories" ON ("task_manager_category"."id" = "task_manager_task_categories"."category_id") WHERE (NOT "task_manager_category"."is_deleted" AND "task_manager_task_categories"."task_id" = 2); args=(2,); alias=default
DEBUG 2026-06-15 20:34:19,386 utils 33360 13968 (0.000) SELECT "task_manager_category"."id", "task_manager_category"."is_deleted", "task_manager_category"."deleted_at", "task_manager_category"."name" FROM "task_manager_category" WHERE NOT "task_manager_category"."is_deleted" LIMIT 1000; args=(); alias=default
DEBUG 2026-06-15 20:39:55,251 utils 9152 31596 (0.000) 
            SELECT name, type FROM sqlite_master
            WHERE type in ('table', 'view') AND NOT name='sqlite_sequence'
            ORDER BY name; args=None; alias=default
DEBUG 2026-06-15 20:39:55,254 utils 9152 31596 (0.000) SELECT "django_migrations"."id", "django_migrations"."app", "django_migrations"."name", "django_migrations"."applied" FROM "django_migrations"; args=(); alias=default
DEBUG 2026-06-15 20:39:55,556 utils 20712 16072 (0.000) 
            SELECT name, type FROM sqlite_master
            WHERE type in ('table', 'view') AND NOT name='sqlite_sequence'
            ORDER BY name; args=None; alias=default
DEBUG 2026-06-15 20:39:55,559 utils 20712 16072 (0.000) SELECT "django_migrations"."id", "django_migrations"."app", "django_migrations"."name", "django_migrations"."applied" FROM "django_migrations"; args=(); alias=default
DEBUG 2026-06-15 20:39:58,295 utils 9152 30020 (0.000) SELECT "django_session"."session_key", "django_session"."session_data", "django_session"."expire_date" FROM "django_session" WHERE ("django_session"."expire_date" > '2026-06-15 18:39:58.293813' AND "django_session"."session_key" = 'iiwy0q41k530psue64wa2l0mmuc0wvf8') LIMIT 21; args=('2026-06-15 18:39:58.293813', 'iiwy0q41k530psue64wa2l0mmuc0wvf8'); alias=default
DEBUG 2026-06-15 20:39:58,297 utils 9152 30020 (0.000) SELECT "auth_user"."id", "auth_user"."password", "auth_user"."last_login", "auth_user"."is_superuser", "auth_user"."username", "auth_user"."first_name", "auth_user"."last_name", "auth_user"."email", "auth_user"."is_staff", "auth_user"."is_active", "auth_user"."date_joined" FROM "auth_user" WHERE "auth_user"."id" = 1 LIMIT 21; args=(1,); alias=default
DEBUG 2026-06-15 20:39:58,301 utils 9152 30020 (0.000) SELECT "task_manager_task"."id", "task_manager_task"."title", "task_manager_task"."description", "task_manager_task"."status", "task_manager_task"."deadline", "task_manager_task"."created_at" FROM "task_manager_task" ORDER BY "task_manager_task"."created_at" DESC LIMIT 7; args=(); alias=default
DEBUG 2026-06-15 20:39:58,316 utils 9152 30020 (0.000) SELECT "task_manager_category"."id", "task_manager_category"."is_deleted", "task_manager_category"."deleted_at", "task_manager_category"."name" FROM "task_manager_category" INNER JOIN "task_manager_task_categories" ON ("task_manager_category"."id" = "task_manager_task_categories"."category_id") WHERE (NOT "task_manager_category"."is_deleted" AND "task_manager_task_categories"."task_id" = 2); args=(2,); alias=default
DEBUG 2026-06-15 20:39:58,331 utils 9152 30020 (0.000) SELECT "task_manager_category"."id", "task_manager_category"."is_deleted", "task_manager_category"."deleted_at", "task_manager_category"."name" FROM "task_manager_category" WHERE NOT "task_manager_category"."is_deleted" LIMIT 1000; args=(); alias=default
DEBUG 2026-06-15 20:39:59,186 utils 9152 30020 (0.000) SELECT "django_session"."session_key", "django_session"."session_data", "django_session"."expire_date" FROM "django_session" WHERE ("django_session"."expire_date" > '2026-06-15 18:39:59.183677' AND "django_session"."session_key" = 'iiwy0q41k530psue64wa2l0mmuc0wvf8') LIMIT 21; args=('2026-06-15 18:39:59.183677', 'iiwy0q41k530psue64wa2l0mmuc0wvf8'); alias=default
DEBUG 2026-06-15 20:39:59,187 utils 9152 30020 (0.000) SELECT "auth_user"."id", "auth_user"."password", "auth_user"."last_login", "auth_user"."is_superuser", "auth_user"."username", "auth_user"."first_name", "auth_user"."last_name", "auth_user"."email", "auth_user"."is_staff", "auth_user"."is_active", "auth_user"."date_joined" FROM "auth_user" WHERE "auth_user"."id" = 1 LIMIT 21; args=(1,); alias=default
DEBUG 2026-06-15 20:39:59,190 utils 9152 30020 (0.000) SELECT "task_manager_task"."id", "task_manager_task"."title", "task_manager_task"."description", "task_manager_task"."status", "task_manager_task"."deadline", "task_manager_task"."created_at" FROM "task_manager_task" ORDER BY "task_manager_task"."created_at" DESC LIMIT 7; args=(); alias=default
DEBUG 2026-06-15 20:39:59,192 utils 9152 30020 (0.000) SELECT "task_manager_category"."id", "task_manager_category"."is_deleted", "task_manager_category"."deleted_at", "task_manager_category"."name" FROM "task_manager_category" INNER JOIN "task_manager_task_categories" ON ("task_manager_category"."id" = "task_manager_task_categories"."category_id") WHERE (NOT "task_manager_category"."is_deleted" AND "task_manager_task_categories"."task_id" = 2); args=(2,); alias=default
DEBUG 2026-06-15 20:39:59,196 utils 9152 30020 (0.000) SELECT "task_manager_category"."id", "task_manager_category"."is_deleted", "task_manager_category"."deleted_at", "task_manager_category"."name" FROM "task_manager_category" WHERE NOT "task_manager_category"."is_deleted" LIMIT 1000; args=(); alias=default
DEBUG 2026-06-15 21:09:50,769 utils 21352 3760 (0.000) 
            SELECT name, type FROM sqlite_master
            WHERE type in ('table', 'view') AND NOT name='sqlite_sequence'
            ORDER BY name; args=None; alias=default
DEBUG 2026-06-15 21:09:50,773 utils 21352 3760 (0.000) SELECT "django_migrations"."id", "django_migrations"."app", "django_migrations"."name", "django_migrations"."applied" FROM "django_migrations"; args=(); alias=default
DEBUG 2026-06-15 21:10:47,458 utils 12192 32200 (0.000) 
            SELECT name, type FROM sqlite_master
            WHERE type in ('table', 'view') AND NOT name='sqlite_sequence'
            ORDER BY name; args=None; alias=default
DEBUG 2026-06-15 21:10:47,461 utils 12192 32200 (0.000) SELECT "django_migrations"."id", "django_migrations"."app", "django_migrations"."name", "django_migrations"."applied" FROM "django_migrations"; args=(); alias=default
DEBUG 2026-06-22 14:24:03,557 utils 33204 26900 (0.000) 
            SELECT name, type FROM sqlite_master
            WHERE type in ('table', 'view') AND NOT name='sqlite_sequence'
            ORDER BY name; args=None; alias=default
DEBUG 2026-06-22 14:24:03,561 utils 33204 26900 (0.000) SELECT "django_migrations"."id", "django_migrations"."app", "django_migrations"."name", "django_migrations"."applied" FROM "django_migrations"; args=(); alias=default
DEBUG 2026-06-22 14:24:06,837 utils 15232 12920 (0.000) 
            SELECT name, type FROM sqlite_master
            WHERE type in ('table', 'view') AND NOT name='sqlite_sequence'
            ORDER BY name; args=None; alias=default
DEBUG 2026-06-22 14:24:06,840 utils 15232 12920 (0.000) SELECT "django_migrations"."id", "django_migrations"."app", "django_migrations"."name", "django_migrations"."applied" FROM "django_migrations"; args=(); alias=default
DEBUG 2026-06-22 14:24:06,841 utils 15232 12920 (0.000) 
            SELECT name, type FROM sqlite_master
            WHERE type in ('table', 'view') AND NOT name='sqlite_sequence'
            ORDER BY name; args=None; alias=default
DEBUG 2026-06-22 14:24:06,841 utils 15232 12920 (0.000) SELECT "django_migrations"."id", "django_migrations"."app", "django_migrations"."name", "django_migrations"."applied" FROM "django_migrations"; args=(); alias=default
DEBUG 2026-06-22 14:24:06,854 utils 15232 12920 (0.000) 
            SELECT name, type FROM sqlite_master
            WHERE type in ('table', 'view') AND NOT name='sqlite_sequence'
            ORDER BY name; args=None; alias=default
DEBUG 2026-06-22 14:24:06,854 utils 15232 12920 (0.000) SELECT "django_migrations"."id", "django_migrations"."app", "django_migrations"."name", "django_migrations"."applied" FROM "django_migrations"; args=(); alias=default
DEBUG 2026-06-22 14:24:06,858 utils 15232 12920 (0.000) SELECT "django_content_type"."model" AS "model" FROM "django_content_type" WHERE "django_content_type"."app_label" = 'admin'; args=('admin',); alias=default
DEBUG 2026-06-22 14:24:06,859 utils 15232 12920 (0.000) SELECT "django_content_type"."id", "django_content_type"."app_label", "django_content_type"."model" FROM "django_content_type" WHERE ("django_content_type"."app_label" = 'admin' AND "django_content_type"."model" IN ('logentry')); args=('admin', 'logentry'); alias=default
DEBUG 2026-06-22 14:24:06,860 utils 15232 12920 (0.000) SELECT "auth_permission"."content_type_id" AS "content_type", "auth_permission"."codename" AS "codename" FROM "auth_permission" INNER JOIN "django_content_type" ON ("auth_permission"."content_type_id" = "django_content_type"."id") WHERE "auth_permission"."content_type_id" IN (1) ORDER BY "django_content_type"."app_label" ASC, "django_content_type"."model" ASC, 2 ASC; args=(1,); alias=default
DEBUG 2026-06-22 14:24:06,861 utils 15232 12920 (0.000) SELECT "django_content_type"."model" AS "model" FROM "django_content_type" WHERE "django_content_type"."app_label" = 'admin'; args=('admin',); alias=default
DEBUG 2026-06-22 14:24:06,861 utils 15232 12920 (0.000) SELECT "django_content_type"."model" AS "model" FROM "django_content_type" WHERE "django_content_type"."app_label" = 'auth'; args=('auth',); alias=default
DEBUG 2026-06-22 14:24:06,862 utils 15232 12920 (0.001) SELECT "django_content_type"."id", "django_content_type"."app_label", "django_content_type"."model" FROM "django_content_type" WHERE ("django_content_type"."app_label" = 'auth' AND "django_content_type"."model" IN ('permission', 'user', 'group')); args=('auth', 'permission', 'user', 'group'); alias=default
DEBUG 2026-06-22 14:24:06,863 utils 15232 12920 (0.000) SELECT "auth_permission"."content_type_id" AS "content_type", "auth_permission"."codename" AS "codename" FROM "auth_permission" INNER JOIN "django_content_type" ON ("auth_permission"."content_type_id" = "django_content_type"."id") WHERE "auth_permission"."content_type_id" IN (2, 3, 4) ORDER BY "django_content_type"."app_label" ASC, "django_content_type"."model" ASC, 2 ASC; args=(2, 3, 4); alias=default
DEBUG 2026-06-22 14:24:06,864 utils 15232 12920 (0.000) SELECT "django_content_type"."model" AS "model" FROM "django_content_type" WHERE "django_content_type"."app_label" = 'auth'; args=('auth',); alias=default
DEBUG 2026-06-22 14:24:06,864 utils 15232 12920 (0.000) SELECT "django_content_type"."model" AS "model" FROM "django_content_type" WHERE "django_content_type"."app_label" = 'contenttypes'; args=('contenttypes',); alias=default
DEBUG 2026-06-22 14:24:06,865 utils 15232 12920 (0.000) SELECT "django_content_type"."id", "django_content_type"."app_label", "django_content_type"."model" FROM "django_content_type" WHERE ("django_content_type"."app_label" = 'contenttypes' AND "django_content_type"."model" IN ('contenttype')); args=('contenttypes', 'contenttype'); alias=default
DEBUG 2026-06-22 14:24:06,865 utils 15232 12920 (0.000) SELECT "auth_permission"."content_type_id" AS "content_type", "auth_permission"."codename" AS "codename" FROM "auth_permission" INNER JOIN "django_content_type" ON ("auth_permission"."content_type_id" = "django_content_type"."id") WHERE "auth_permission"."content_type_id" IN (5) ORDER BY "django_content_type"."app_label" ASC, "django_content_type"."model" ASC, 2 ASC; args=(5,); alias=default
DEBUG 2026-06-22 14:24:06,866 utils 15232 12920 (0.000) SELECT "django_content_type"."model" AS "model" FROM "django_content_type" WHERE "django_content_type"."app_label" = 'contenttypes'; args=('contenttypes',); alias=default
DEBUG 2026-06-22 14:24:06,866 utils 15232 12920 (0.000) SELECT "django_content_type"."model" AS "model" FROM "django_content_type" WHERE "django_content_type"."app_label" = 'sessions'; args=('sessions',); alias=default
DEBUG 2026-06-22 14:24:06,867 utils 15232 12920 (0.000) SELECT "django_content_type"."id", "django_content_type"."app_label", "django_content_type"."model" FROM "django_content_type" WHERE ("django_content_type"."app_label" = 'sessions' AND "django_content_type"."model" IN ('session')); args=('sessions', 'session'); alias=default
DEBUG 2026-06-22 14:24:06,868 utils 15232 12920 (0.000) SELECT "auth_permission"."content_type_id" AS "content_type", "auth_permission"."codename" AS "codename" FROM "auth_permission" INNER JOIN "django_content_type" ON ("auth_permission"."content_type_id" = "django_content_type"."id") WHERE "auth_permission"."content_type_id" IN (6) ORDER BY "django_content_type"."app_label" ASC, "django_content_type"."model" ASC, 2 ASC; args=(6,); alias=default
DEBUG 2026-06-22 14:24:06,868 utils 15232 12920 (0.000) SELECT "django_content_type"."model" AS "model" FROM "django_content_type" WHERE "django_content_type"."app_label" = 'sessions'; args=('sessions',); alias=default
DEBUG 2026-06-22 14:24:06,868 utils 15232 12920 (0.000) SELECT "django_content_type"."model" AS "model" FROM "django_content_type" WHERE "django_content_type"."app_label" = 'django_app01'; args=('django_app01',); alias=default
DEBUG 2026-06-22 14:24:06,869 utils 15232 12920 (0.000) SELECT "django_content_type"."id", "django_content_type"."app_label", "django_content_type"."model" FROM "django_content_type" WHERE ("django_content_type"."app_label" = 'django_app01' AND "django_content_type"."model" IN ('task', 'subtask', 'category')); args=('django_app01', 'task', 'subtask', 'category'); alias=default
DEBUG 2026-06-22 14:24:06,870 utils 15232 12920 (0.000) SELECT "auth_permission"."content_type_id" AS "content_type", "auth_permission"."codename" AS "codename" FROM "auth_permission" INNER JOIN "django_content_type" ON ("auth_permission"."content_type_id" = "django_content_type"."id") WHERE "auth_permission"."content_type_id" IN (8, 9, 7) ORDER BY "django_content_type"."app_label" ASC, "django_content_type"."model" ASC, 2 ASC; args=(8, 9, 7); alias=default
DEBUG 2026-06-22 14:24:06,870 utils 15232 12920 (0.000) SELECT "django_content_type"."model" AS "model" FROM "django_content_type" WHERE "django_content_type"."app_label" = 'django_app01'; args=('django_app01',); alias=default
DEBUG 2026-06-22 14:24:11,663 utils 33636 33464 (0.000) 
            SELECT name, type FROM sqlite_master
            WHERE type in ('table', 'view') AND NOT name='sqlite_sequence'
            ORDER BY name; args=None; alias=default
DEBUG 2026-06-22 14:24:11,665 utils 33636 33464 (0.000) SELECT "django_migrations"."id", "django_migrations"."app", "django_migrations"."name", "django_migrations"."applied" FROM "django_migrations"; args=(); alias=default
DEBUG 2026-06-23 12:31:56,702 utils 34648 29684 (0.000) 
            SELECT name, type FROM sqlite_master
            WHERE type in ('table', 'view') AND NOT name='sqlite_sequence'
            ORDER BY name; args=None; alias=default
DEBUG 2026-06-23 12:31:56,706 utils 34648 29684 (0.000) SELECT "django_migrations"."id", "django_migrations"."app", "django_migrations"."name", "django_migrations"."applied" FROM "django_migrations"; args=(); alias=default
DEBUG 2026-06-23 12:33:22,763 utils 21740 35740 (0.000) 
            SELECT name, type FROM sqlite_master
            WHERE type in ('table', 'view') AND NOT name='sqlite_sequence'
            ORDER BY name; args=None; alias=default
DEBUG 2026-06-23 12:33:22,765 utils 21740 35740 (0.000) SELECT "django_migrations"."id", "django_migrations"."app", "django_migrations"."name", "django_migrations"."applied" FROM "django_migrations"; args=(); alias=default
DEBUG 2026-06-23 12:33:22,766 utils 21740 35740 (0.000) 
            SELECT name, type FROM sqlite_master
            WHERE type in ('table', 'view') AND NOT name='sqlite_sequence'
            ORDER BY name; args=None; alias=default
DEBUG 2026-06-23 12:33:22,766 utils 21740 35740 (0.000) SELECT "django_migrations"."id", "django_migrations"."app", "django_migrations"."name", "django_migrations"."applied" FROM "django_migrations"; args=(); alias=default
DEBUG 2026-06-23 12:33:26,362 utils 35028 16660 (0.000) 
            SELECT name, type FROM sqlite_master
            WHERE type in ('table', 'view') AND NOT name='sqlite_sequence'
            ORDER BY name; args=None; alias=default
DEBUG 2026-06-23 12:33:26,364 utils 35028 16660 (0.000) SELECT "django_migrations"."id", "django_migrations"."app", "django_migrations"."name", "django_migrations"."applied" FROM "django_migrations"; args=(); alias=default
DEBUG 2026-06-23 12:35:53,751 utils 34160 11516 (0.000) 
            SELECT name, type FROM sqlite_master
            WHERE type in ('table', 'view') AND NOT name='sqlite_sequence'
            ORDER BY name; args=None; alias=default
DEBUG 2026-06-23 12:35:53,754 utils 34160 11516 (0.000) SELECT "django_migrations"."id", "django_migrations"."app", "django_migrations"."name", "django_migrations"."applied" FROM "django_migrations"; args=(); alias=default
DEBUG 2026-06-23 12:35:58,441 utils 19540 37416 (0.000) 
            SELECT name, type FROM sqlite_master
            WHERE type in ('table', 'view') AND NOT name='sqlite_sequence'
            ORDER BY name; args=None; alias=default
DEBUG 2026-06-23 12:35:58,444 utils 19540 37416 (0.000) SELECT "django_migrations"."id", "django_migrations"."app", "django_migrations"."name", "django_migrations"."applied" FROM "django_migrations"; args=(); alias=default
DEBUG 2026-06-23 12:35:58,444 utils 19540 37416 (0.000) 
            SELECT name, type FROM sqlite_master
            WHERE type in ('table', 'view') AND NOT name='sqlite_sequence'
            ORDER BY name; args=None; alias=default
DEBUG 2026-06-23 12:35:58,445 utils 19540 37416 (0.000) SELECT "django_migrations"."id", "django_migrations"."app", "django_migrations"."name", "django_migrations"."applied" FROM "django_migrations"; args=(); alias=default
DEBUG 2026-06-23 12:35:58,458 utils 19540 37416 (0.000) 
            SELECT name, type FROM sqlite_master
            WHERE type in ('table', 'view') AND NOT name='sqlite_sequence'
            ORDER BY name; args=None; alias=default
DEBUG 2026-06-23 12:35:58,458 utils 19540 37416 (0.000) SELECT "django_migrations"."id", "django_migrations"."app", "django_migrations"."name", "django_migrations"."applied" FROM "django_migrations"; args=(); alias=default
DEBUG 2026-06-23 12:35:58,464 utils 19540 37416 (0.001) SELECT "django_content_type"."model" AS "model" FROM "django_content_type" WHERE "django_content_type"."app_label" = 'admin'; args=('admin',); alias=default
DEBUG 2026-06-23 12:35:58,465 utils 19540 37416 (0.000) SELECT "django_content_type"."id", "django_content_type"."app_label", "django_content_type"."model" FROM "django_content_type" WHERE ("django_content_type"."app_label" = 'admin' AND "django_content_type"."model" IN ('logentry')); args=('admin', 'logentry'); alias=default
DEBUG 2026-06-23 12:35:58,467 utils 19540 37416 (0.001) SELECT "auth_permission"."content_type_id" AS "content_type", "auth_permission"."codename" AS "codename" FROM "auth_permission" INNER JOIN "django_content_type" ON ("auth_permission"."content_type_id" = "django_content_type"."id") WHERE "auth_permission"."content_type_id" IN (1) ORDER BY "django_content_type"."app_label" ASC, "django_content_type"."model" ASC, 2 ASC; args=(1,); alias=default
DEBUG 2026-06-23 12:35:58,468 utils 19540 37416 (0.000) SELECT "django_content_type"."model" AS "model" FROM "django_content_type" WHERE "django_content_type"."app_label" = 'admin'; args=('admin',); alias=default
DEBUG 2026-06-23 12:35:58,469 utils 19540 37416 (0.000) SELECT "django_content_type"."model" AS "model" FROM "django_content_type" WHERE "django_content_type"."app_label" = 'auth'; args=('auth',); alias=default
DEBUG 2026-06-23 12:35:58,469 utils 19540 37416 (0.000) SELECT "django_content_type"."id", "django_content_type"."app_label", "django_content_type"."model" FROM "django_content_type" WHERE ("django_content_type"."app_label" = 'auth' AND "django_content_type"."model" IN ('user', 'group', 'permission')); args=('auth', 'user', 'group', 'permission'); alias=default
DEBUG 2026-06-23 12:35:58,470 utils 19540 37416 (0.000) SELECT "auth_permission"."content_type_id" AS "content_type", "auth_permission"."codename" AS "codename" FROM "auth_permission" INNER JOIN "django_content_type" ON ("auth_permission"."content_type_id" = "django_content_type"."id") WHERE "auth_permission"."content_type_id" IN (2, 3, 4) ORDER BY "django_content_type"."app_label" ASC, "django_content_type"."model" ASC, 2 ASC; args=(2, 3, 4); alias=default
DEBUG 2026-06-23 12:35:58,471 utils 19540 37416 (0.000) SELECT "django_content_type"."model" AS "model" FROM "django_content_type" WHERE "django_content_type"."app_label" = 'auth'; args=('auth',); alias=default
DEBUG 2026-06-23 12:35:58,472 utils 19540 37416 (0.000) SELECT "django_content_type"."model" AS "model" FROM "django_content_type" WHERE "django_content_type"."app_label" = 'contenttypes'; args=('contenttypes',); alias=default
DEBUG 2026-06-23 12:35:58,473 utils 19540 37416 (0.000) SELECT "django_content_type"."id", "django_content_type"."app_label", "django_content_type"."model" FROM "django_content_type" WHERE ("django_content_type"."app_label" = 'contenttypes' AND "django_content_type"."model" IN ('contenttype')); args=('contenttypes', 'contenttype'); alias=default
DEBUG 2026-06-23 12:35:58,473 utils 19540 37416 (0.000) SELECT "auth_permission"."content_type_id" AS "content_type", "auth_permission"."codename" AS "codename" FROM "auth_permission" INNER JOIN "django_content_type" ON ("auth_permission"."content_type_id" = "django_content_type"."id") WHERE "auth_permission"."content_type_id" IN (5) ORDER BY "django_content_type"."app_label" ASC, "django_content_type"."model" ASC, 2 ASC; args=(5,); alias=default
DEBUG 2026-06-23 12:35:58,474 utils 19540 37416 (0.000) SELECT "django_content_type"."model" AS "model" FROM "django_content_type" WHERE "django_content_type"."app_label" = 'contenttypes'; args=('contenttypes',); alias=default
DEBUG 2026-06-23 12:35:58,474 utils 19540 37416 (0.000) SELECT "django_content_type"."model" AS "model" FROM "django_content_type" WHERE "django_content_type"."app_label" = 'sessions'; args=('sessions',); alias=default
DEBUG 2026-06-23 12:35:58,475 utils 19540 37416 (0.000) SELECT "django_content_type"."id", "django_content_type"."app_label", "django_content_type"."model" FROM "django_content_type" WHERE ("django_content_type"."app_label" = 'sessions' AND "django_content_type"."model" IN ('session')); args=('sessions', 'session'); alias=default
DEBUG 2026-06-23 12:35:58,475 utils 19540 37416 (0.000) SELECT "auth_permission"."content_type_id" AS "content_type", "auth_permission"."codename" AS "codename" FROM "auth_permission" INNER JOIN "django_content_type" ON ("auth_permission"."content_type_id" = "django_content_type"."id") WHERE "auth_permission"."content_type_id" IN (6) ORDER BY "django_content_type"."app_label" ASC, "django_content_type"."model" ASC, 2 ASC; args=(6,); alias=default
DEBUG 2026-06-23 12:35:58,476 utils 19540 37416 (0.000) SELECT "django_content_type"."model" AS "model" FROM "django_content_type" WHERE "django_content_type"."app_label" = 'sessions'; args=('sessions',); alias=default
DEBUG 2026-06-23 12:35:58,476 utils 19540 37416 (0.000) SELECT "django_content_type"."model" AS "model" FROM "django_content_type" WHERE "django_content_type"."app_label" = 'django_app01'; args=('django_app01',); alias=default
DEBUG 2026-06-23 12:35:58,477 utils 19540 37416 (0.000) SELECT "django_content_type"."id", "django_content_type"."app_label", "django_content_type"."model" FROM "django_content_type" WHERE ("django_content_type"."app_label" = 'django_app01' AND "django_content_type"."model" IN ('task', 'subtask', 'category')); args=('django_app01', 'task', 'subtask', 'category'); alias=default
DEBUG 2026-06-23 12:35:58,477 utils 19540 37416 (0.000) SELECT "auth_permission"."content_type_id" AS "content_type", "auth_permission"."codename" AS "codename" FROM "auth_permission" INNER JOIN "django_content_type" ON ("auth_permission"."content_type_id" = "django_content_type"."id") WHERE "auth_permission"."content_type_id" IN (8, 9, 7) ORDER BY "django_content_type"."app_label" ASC, "django_content_type"."model" ASC, 2 ASC; args=(8, 9, 7); alias=default
DEBUG 2026-06-23 12:35:58,478 utils 19540 37416 (0.000) SELECT "django_content_type"."model" AS "model" FROM "django_content_type" WHERE "django_content_type"."app_label" = 'django_app01'; args=('django_app01',); alias=default
DEBUG 2026-06-23 14:46:34,406 utils 29148 32260 (0.000) 
            SELECT name, type FROM sqlite_master
            WHERE type in ('table', 'view') AND NOT name='sqlite_sequence'
            ORDER BY name; args=None; alias=default
DEBUG 2026-06-23 14:46:34,410 utils 29148 32260 (0.000) SELECT "django_migrations"."id", "django_migrations"."app", "django_migrations"."name", "django_migrations"."applied" FROM "django_migrations"; args=(); alias=default
DEBUG 2026-06-23 14:46:50,716 utils 25724 21956 (0.000) 
            SELECT name, type FROM sqlite_master
            WHERE type in ('table', 'view') AND NOT name='sqlite_sequence'
            ORDER BY name; args=None; alias=default
DEBUG 2026-06-23 14:46:50,719 utils 25724 21956 (0.000) SELECT "django_migrations"."id", "django_migrations"."app", "django_migrations"."name", "django_migrations"."applied" FROM "django_migrations"; args=(); alias=default
DEBUG 2026-06-23 14:46:50,720 utils 25724 21956 (0.000) 
            SELECT name, type FROM sqlite_master
            WHERE type in ('table', 'view') AND NOT name='sqlite_sequence'
            ORDER BY name; args=None; alias=default
DEBUG 2026-06-23 14:46:50,720 utils 25724 21956 (0.000) SELECT "django_migrations"."id", "django_migrations"."app", "django_migrations"."name", "django_migrations"."applied" FROM "django_migrations"; args=(); alias=default
DEBUG 2026-06-23 14:46:50,733 utils 25724 21956 (0.000) 
            SELECT name, type FROM sqlite_master
            WHERE type in ('table', 'view') AND NOT name='sqlite_sequence'
            ORDER BY name; args=None; alias=default
DEBUG 2026-06-23 14:46:50,734 utils 25724 21956 (0.000) SELECT "django_migrations"."id", "django_migrations"."app", "django_migrations"."name", "django_migrations"."applied" FROM "django_migrations"; args=(); alias=default
DEBUG 2026-06-23 14:46:50,735 utils 25724 21956 (0.000) SELECT "django_content_type"."model" AS "model" FROM "django_content_type" WHERE "django_content_type"."app_label" = 'admin'; args=('admin',); alias=default
DEBUG 2026-06-23 14:46:50,736 utils 25724 21956 (0.000) SELECT "django_content_type"."id", "django_content_type"."app_label", "django_content_type"."model" FROM "django_content_type" WHERE ("django_content_type"."app_label" = 'admin' AND "django_content_type"."model" IN ('logentry')); args=('admin', 'logentry'); alias=default
DEBUG 2026-06-23 14:46:50,737 utils 25724 21956 (0.000) SELECT "auth_permission"."content_type_id" AS "content_type", "auth_permission"."codename" AS "codename" FROM "auth_permission" INNER JOIN "django_content_type" ON ("auth_permission"."content_type_id" = "django_content_type"."id") WHERE "auth_permission"."content_type_id" IN (1) ORDER BY "django_content_type"."app_label" ASC, "django_content_type"."model" ASC, 2 ASC; args=(1,); alias=default
DEBUG 2026-06-23 14:46:50,738 utils 25724 21956 (0.000) SELECT "django_content_type"."model" AS "model" FROM "django_content_type" WHERE "django_content_type"."app_label" = 'admin'; args=('admin',); alias=default
DEBUG 2026-06-23 14:46:50,738 utils 25724 21956 (0.000) SELECT "django_content_type"."model" AS "model" FROM "django_content_type" WHERE "django_content_type"."app_label" = 'auth'; args=('auth',); alias=default
DEBUG 2026-06-23 14:46:50,739 utils 25724 21956 (0.001) SELECT "django_content_type"."id", "django_content_type"."app_label", "django_content_type"."model" FROM "django_content_type" WHERE ("django_content_type"."app_label" = 'auth' AND "django_content_type"."model" IN ('user', 'group', 'permission')); args=('auth', 'user', 'group', 'permission'); alias=default
DEBUG 2026-06-23 14:46:50,741 utils 25724 21956 (0.000) SELECT "auth_permission"."content_type_id" AS "content_type", "auth_permission"."codename" AS "codename" FROM "auth_permission" INNER JOIN "django_content_type" ON ("auth_permission"."content_type_id" = "django_content_type"."id") WHERE "auth_permission"."content_type_id" IN (2, 3, 4) ORDER BY "django_content_type"."app_label" ASC, "django_content_type"."model" ASC, 2 ASC; args=(2, 3, 4); alias=default
DEBUG 2026-06-23 14:46:50,741 utils 25724 21956 (0.000) SELECT "django_content_type"."model" AS "model" FROM "django_content_type" WHERE "django_content_type"."app_label" = 'auth'; args=('auth',); alias=default
DEBUG 2026-06-23 14:46:50,742 utils 25724 21956 (0.000) SELECT "django_content_type"."model" AS "model" FROM "django_content_type" WHERE "django_content_type"."app_label" = 'contenttypes'; args=('contenttypes',); alias=default
DEBUG 2026-06-23 14:46:50,742 utils 25724 21956 (0.000) SELECT "django_content_type"."id", "django_content_type"."app_label", "django_content_type"."model" FROM "django_content_type" WHERE ("django_content_type"."app_label" = 'contenttypes' AND "django_content_type"."model" IN ('contenttype')); args=('contenttypes', 'contenttype'); alias=default
DEBUG 2026-06-23 14:46:50,743 utils 25724 21956 (0.000) SELECT "auth_permission"."content_type_id" AS "content_type", "auth_permission"."codename" AS "codename" FROM "auth_permission" INNER JOIN "django_content_type" ON ("auth_permission"."content_type_id" = "django_content_type"."id") WHERE "auth_permission"."content_type_id" IN (5) ORDER BY "django_content_type"."app_label" ASC, "django_content_type"."model" ASC, 2 ASC; args=(5,); alias=default
DEBUG 2026-06-23 14:46:50,743 utils 25724 21956 (0.000) SELECT "django_content_type"."model" AS "model" FROM "django_content_type" WHERE "django_content_type"."app_label" = 'contenttypes'; args=('contenttypes',); alias=default
DEBUG 2026-06-23 14:46:50,744 utils 25724 21956 (0.000) SELECT "django_content_type"."model" AS "model" FROM "django_content_type" WHERE "django_content_type"."app_label" = 'sessions'; args=('sessions',); alias=default
DEBUG 2026-06-23 14:46:50,745 utils 25724 21956 (0.000) SELECT "django_content_type"."id", "django_content_type"."app_label", "django_content_type"."model" FROM "django_content_type" WHERE ("django_content_type"."app_label" = 'sessions' AND "django_content_type"."model" IN ('session')); args=('sessions', 'session'); alias=default
DEBUG 2026-06-23 14:46:50,746 utils 25724 21956 (0.000) SELECT "auth_permission"."content_type_id" AS "content_type", "auth_permission"."codename" AS "codename" FROM "auth_permission" INNER JOIN "django_content_type" ON ("auth_permission"."content_type_id" = "django_content_type"."id") WHERE "auth_permission"."content_type_id" IN (6) ORDER BY "django_content_type"."app_label" ASC, "django_content_type"."model" ASC, 2 ASC; args=(6,); alias=default
DEBUG 2026-06-23 14:46:50,746 utils 25724 21956 (0.000) SELECT "django_content_type"."model" AS "model" FROM "django_content_type" WHERE "django_content_type"."app_label" = 'sessions'; args=('sessions',); alias=default
DEBUG 2026-06-23 14:46:50,747 utils 25724 21956 (0.000) SELECT "django_content_type"."model" AS "model" FROM "django_content_type" WHERE "django_content_type"."app_label" = 'django_app01'; args=('django_app01',); alias=default
DEBUG 2026-06-23 14:46:50,747 utils 25724 21956 (0.000) SELECT "django_content_type"."id", "django_content_type"."app_label", "django_content_type"."model" FROM "django_content_type" WHERE ("django_content_type"."app_label" = 'django_app01' AND "django_content_type"."model" IN ('subtask', 'category', 'task')); args=('django_app01', 'subtask', 'category', 'task'); alias=default
DEBUG 2026-06-23 14:46:50,748 utils 25724 21956 (0.000) SELECT "auth_permission"."content_type_id" AS "content_type", "auth_permission"."codename" AS "codename" FROM "auth_permission" INNER JOIN "django_content_type" ON ("auth_permission"."content_type_id" = "django_content_type"."id") WHERE "auth_permission"."content_type_id" IN (8, 9, 7) ORDER BY "django_content_type"."app_label" ASC, "django_content_type"."model" ASC, 2 ASC; args=(8, 9, 7); alias=default
DEBUG 2026-06-23 14:46:50,749 utils 25724 21956 (0.000) SELECT "django_content_type"."model" AS "model" FROM "django_content_type" WHERE "django_content_type"."app_label" = 'django_app01'; args=('django_app01',); alias=default
DEBUG 2026-06-25 09:59:34,543 utils 15708 29580 (0.000) 
            SELECT name, type FROM sqlite_master
            WHERE type in ('table', 'view') AND NOT name='sqlite_sequence'
            ORDER BY name; args=None; alias=default
DEBUG 2026-06-25 09:59:34,546 utils 15708 29580 (0.000) SELECT "django_migrations"."id", "django_migrations"."app", "django_migrations"."name", "django_migrations"."applied" FROM "django_migrations"; args=(); alias=default
